LIBXDP_1.0.0 {
	global:
		libxdp_get_error;
		libxdp_set_print;
		libxdp_strerror;
		xdp_multiprog__attach_mode;
		xdp_multiprog__close;
		xdp_multiprog__detach;
		xdp_multiprog__dispatcher;
		xdp_multiprog__get_from_ifindex;
		xdp_multiprog__is_legacy;
		xdp_multiprog__next_prog;
		xdp_multiprog__main_prog;
		xdp_multiprog__hw_prog;
		xdp_program__attach;
		xdp_program__attach_multi;
		xdp_program__bpf_obj;
		xdp_program__btf;
		xdp_program__chain_call_enabled;
		xdp_program__close;
		xdp_program__detach;
		xdp_program__detach_multi;
		xdp_program__find_file;
		xdp_program__from_bpf_obj;
		xdp_program__from_fd;
		xdp_program__from_id;
		xdp_program__from_pin;
		xdp_program__fd;
		xdp_program__id;
		xdp_program__is_attached;
		xdp_program__name;
		xdp_program__open_file;
		xdp_program__pin;
		xdp_program__print_chain_call_actions;
		xdp_program__run_prio;
		xdp_program__set_chain_call_enabled;
		xdp_program__set_run_prio;
		xdp_program__tag;
};

LIBXDP_1.2.0 {
		libxdp_clean_references;
		xdp_multiprog__program_count;
	        xsk_setup_xdp_prog;
		xsk_socket__create;
		xsk_socket__create_shared;
		xsk_socket__delete;
		xsk_socket__fd;
		xsk_socket__update_xskmap;
		xsk_umem__create;
		xsk_umem__delete;
		xsk_umem__fd;
		xsk_cons_nb_avail;
		xsk_prod_nb_free;
		xsk_ring_cons__cancel;
		xsk_ring_cons__comp_addr;
		xsk_ring_cons__peek;
		xsk_ring_cons__release;
		xsk_ring_cons__rx_desc;
		xsk_ring_prod__fill_addr;
		xsk_ring_prod__needs_wakeup;
		xsk_ring_prod__reserve;
		xsk_ring_prod__submit;
		xsk_ring_prod__tx_desc;
		xsk_umem__add_offset_to_addr;
		xsk_umem__extract_addr;
		xsk_umem__extract_offset;
		xsk_umem__get_data;
} LIBXDP_1.0.0;

LIBXDP_1.3.0 {
		xdp_multiprog__xdp_frags_support;
		xdp_program__clone;
		xdp_program__create;
		xdp_program__set_xdp_frags_support;
		xdp_program__test_run;
		xdp_program__xdp_frags_support;
} LIBXDP_1.2.0;
